{"sessionId": "901f7a", "location": "chat.py:apply_task_action:entry", "message": "endpoint hit", "data": {"action": "create", "existing_item_id": null, "has_token": true}, "timestamp": 1778717292076, "hypothesisId": "B"}
{"sessionId": "901f7a", "location": "chat.py:apply_task_action:pre_logic", "message": "pre-action state", "data": {"action": "create", "existing_item_id": null, "workflow_items_count": 0, "item_ids": [], "update_fields": null}, "timestamp": 1778717292077, "hypothesisId": "C"}
{"sessionId": "901f7a", "location": "chat.py:apply_task_action:create_ok", "message": "create success", "data": {"item_id": "wf_1681451e"}, "timestamp": 1778717292078, "hypothesisId": "C"}
{"sessionId": "901f7a", "location": "chat.py:apply_task_action:entry", "message": "endpoint hit", "data": {"action": "update", "existing_item_id": "wf_1681451e", "has_token": true}, "timestamp": 1778717306816, "hypothesisId": "B"}
{"sessionId": "901f7a", "location": "chat.py:apply_task_action:pre_logic", "message": "pre-action state", "data": {"action": "update", "existing_item_id": "wf_1681451e", "workflow_items_count": 1, "item_ids": ["wf_1681451e"], "update_fields": {"stage": "Production", "description": "The marketing team needs to finish ad version 3. Ad v3 is in progress."}}, "timestamp": 1778717306817, "hypothesisId": "C"}
{"sessionId": "901f7a", "location": "chat.py:apply_task_action:update_ok", "message": "update success", "data": {"item_id": "wf_1681451e"}, "timestamp": 1778717306817, "hypothesisId": "C"}
{"sessionId": "901f7a", "location": "chat.py:apply_task_action:entry", "message": "endpoint hit", "data": {"action": "update", "existing_item_id": "wf_1681451e", "has_token": true}, "timestamp": 1778717380413, "hypothesisId": "B"}
{"sessionId": "901f7a", "location": "chat.py:apply_task_action:pre_logic", "message": "pre-action state", "data": {"action": "update", "existing_item_id": "wf_1681451e", "workflow_items_count": 1, "item_ids": ["wf_1681451e"], "update_fields": {"stage": "Production", "description": "The marketing team needs to finish ad version 3. Ad v3 is in progress."}}, "timestamp": 1778717380416, "hypothesisId": "C"}
{"sessionId": "901f7a", "location": "chat.py:apply_task_action:update_ok", "message": "update success", "data": {"item_id": "wf_1681451e"}, "timestamp": 1778717380417, "hypothesisId": "C"}
{"sessionId": "901f7a", "location": "chat.py:apply_task_action:entry", "message": "endpoint hit", "data": {"action": "create", "existing_item_id": null, "has_token": true}, "timestamp": 1778717381712, "hypothesisId": "B"}
{"sessionId": "901f7a", "location": "chat.py:apply_task_action:pre_logic", "message": "pre-action state", "data": {"action": "create", "existing_item_id": null, "workflow_items_count": 1, "item_ids": ["wf_1681451e"], "update_fields": null}, "timestamp": 1778717381713, "hypothesisId": "C"}
{"sessionId": "901f7a", "location": "chat.py:apply_task_action:create_ok", "message": "create success", "data": {"item_id": "wf_8f34b368"}, "timestamp": 1778717381714, "hypothesisId": "C"}
{"sessionId": "901f7a", "location": "chat.py:apply_task_action:entry", "message": "endpoint hit", "data": {"action": "create", "existing_item_id": null, "has_token": true}, "timestamp": 1778717690410, "hypothesisId": "B"}
{"sessionId": "901f7a", "location": "chat.py:apply_task_action:pre_logic", "message": "pre-action state", "data": {"action": "create", "existing_item_id": null, "workflow_items_count": 0, "item_ids": [], "update_fields": null}, "timestamp": 1778717690410, "hypothesisId": "C"}
{"sessionId": "901f7a", "location": "chat.py:apply_task_action:create_ok", "message": "create success", "data": {"item_id": "wf_69c676d1"}, "timestamp": 1778717690411, "hypothesisId": "C"}
{"sessionId": "901f7a", "location": "chat.py:apply_task_action:entry", "message": "endpoint hit", "data": {"action": "comment", "existing_item_id": "Advert Project v3", "has_token": true}, "timestamp": 1778717692067, "hypothesisId": "B"}
{"sessionId": "901f7a", "location": "chat.py:apply_task_action:pre_logic", "message": "pre-action state", "data": {"action": "comment", "existing_item_id": "Advert Project v3", "workflow_items_count": 1, "item_ids": ["wf_69c676d1"], "update_fields": null}, "timestamp": 1778717692067, "hypothesisId": "C"}
{"sessionId": "901f7a", "location": "chat.py:apply_task_action:entry", "message": "endpoint hit", "data": {"action": "create", "existing_item_id": null, "has_token": true}, "timestamp": 1778718589088, "hypothesisId": "B"}
{"sessionId": "901f7a", "location": "chat.py:apply_task_action:pre_logic", "message": "pre-action state", "data": {"action": "create", "existing_item_id": null, "workflow_items_count": 0, "item_ids": [], "update_fields": null}, "timestamp": 1778718589089, "hypothesisId": "C"}
{"sessionId": "901f7a", "location": "chat.py:apply_task_action:create_ok", "message": "create success", "data": {"item_id": "wf_b223e576"}, "timestamp": 1778718589092, "hypothesisId": "C"}
{"sessionId": "901f7a", "location": "chat.py:apply_task_action:entry", "message": "endpoint hit", "data": {"action": "update", "existing_item_id": "wf_b223e576", "has_token": true}, "timestamp": 1778718730229, "hypothesisId": "B"}
{"sessionId": "901f7a", "location": "chat.py:apply_task_action:pre_logic", "message": "pre-action state", "data": {"action": "update", "existing_item_id": "wf_b223e576", "workflow_items_count": 1, "item_ids": ["wf_b223e576"], "update_fields": {"stage": "Production", "description": "The marketing team needs to start working on Advert V4. They have closed their task and the ad is ready. Production team should now ship."}}, "timestamp": 1778718730230, "hypothesisId": "C"}
{"sessionId": "901f7a", "location": "chat.py:apply_task_action:update_ok", "message": "update success", "data": {"item_id": "wf_b223e576"}, "timestamp": 1778718730232, "hypothesisId": "C"}
{"sessionId": "901f7a", "location": "chat.py:apply_task_action:entry", "message": "endpoint hit", "data": {"action": "create", "existing_item_id": null, "has_token": true}, "timestamp": 1778718732442, "hypothesisId": "B"}
{"sessionId": "901f7a", "location": "chat.py:apply_task_action:pre_logic", "message": "pre-action state", "data": {"action": "create", "existing_item_id": null, "workflow_items_count": 1, "item_ids": ["wf_b223e576"], "update_fields": null}, "timestamp": 1778718732442, "hypothesisId": "C"}
{"sessionId": "901f7a", "location": "chat.py:apply_task_action:create_ok", "message": "create success", "data": {"item_id": "wf_af2eb38e"}, "timestamp": 1778718732444, "hypothesisId": "C"}
{"sessionId": "901f7a", "location": "chat.py:apply_task_action:entry", "message": "endpoint hit", "data": {"action": "update", "existing_item_id": "wf_b223e576", "has_token": true}, "timestamp": 1778720190027, "hypothesisId": "B"}
{"sessionId": "901f7a", "location": "chat.py:apply_task_action:pre_logic", "message": "pre-action state", "data": {"action": "update", "existing_item_id": "wf_b223e576", "workflow_items_count": 2, "item_ids": ["wf_b223e576", "wf_af2eb38e"], "update_fields": {"stage": "Production", "description": "The marketing team has closed their task and the ad is ready. Production team to start working on shipping the ad."}}, "timestamp": 1778720190031, "hypothesisId": "C"}
{"sessionId": "901f7a", "location": "chat.py:apply_task_action:update_ok", "message": "update success", "data": {"item_id": "wf_b223e576"}, "timestamp": 1778720190038, "hypothesisId": "C"}
{"sessionId": "901f7a", "location": "chat.py:apply_task_action:entry", "message": "endpoint hit", "data": {"action": "update", "existing_item_id": "wf_af2eb38e", "has_token": true}, "timestamp": 1778720191188, "hypothesisId": "B"}
{"sessionId": "901f7a", "location": "chat.py:apply_task_action:pre_logic", "message": "pre-action state", "data": {"action": "update", "existing_item_id": "wf_af2eb38e", "workflow_items_count": 2, "item_ids": ["wf_b223e576", "wf_af2eb38e"], "update_fields": {"stage": "Production", "description": "Marketing team closed their task and ad v5 is ready, lets ask production team to ship."}}, "timestamp": 1778720191188, "hypothesisId": "C"}
{"sessionId": "901f7a", "location": "chat.py:apply_task_action:update_ok", "message": "update success", "data": {"item_id": "wf_af2eb38e"}, "timestamp": 1778720191189, "hypothesisId": "C"}
